// Jest Snapshot v1, https://goo.gl/fbAQLP

exports[`Card that it matches the existing snapshot 1`] = `
<DocumentFragment>
  <div
    class="card"
    style="background: rgb(160, 193, 239);"
  >
    <section
      class="card__content"
    >
      <p
        class="card__content-text"
      >
        hello
      </p>
      <span
        class="card__content-emoji"
      >
        😄
      </span>
    </section>
    <button
      class="card__delete"
    >
      Delete
    </button>
  </div>
</DocumentFragment>
`;
