// Jest Snapshot v1, https://goo.gl/fbAQLP

exports[`NewCardForm that it matches the existing snapshot 1`] = `
<DocumentFragment>
  <h2
    class="new-card-form__header"
  >
    Add a new card!!
  </h2>
  <div
    class="new-card-form"
  >
    <form
      class="new-card-form__form"
      data-testid="new-card-form--form"
    >
      <div>
        <label
          class="new-card-form__form-label"
          for="text"
        />
        <textarea
          class="new-card-form__form-textarea"
          data-testid="new-card-form--text"
          id="text"
          name="text"
          placeholder="Type something..."
        />
      </div>
      <div>
        <label
          class="new-card-form__form-label"
          for="emoji"
        />
        <select
          class="new-card-form__form-select"
          data-testid="new-card-form--emoji"
          id="emoji"
          name="emoji"
        >
          <option
            value=""
          >
             --emoji-- 
          </option>
          <option
            value="heart_eyes"
          >
            😍
          </option>
          <option
            value="beer"
          >
            🍺
          </option>
          <option
            value="clap"
          >
            👏
          </option>
          <option
            value="sparkling_heart"
          >
            💖
          </option>
          <option
            value="heart_eyes_cat"
          >
            😻
          </option>
          <option
            value="dog"
          >
            🐶
          </option>
        </select>
        <input
          class="new-card-form__form-button"
          type="submit"
          value="Add Card"
        />
      </div>
    </form>
  </div>
</DocumentFragment>
`;
